0 verbose cli C:\Program Files\nodejs\node.exe C:\Program Files\nodejs\node_modules\npm\bin\npm-cli.js
1 info using npm@11.12.1
2 info using node@v25.9.0
3 silly config load:file:C:\Program Files\nodejs\node_modules\npm\npmrc
4 silly config load:file:C:\xampp\htdocs\traffic-\.npmrc
5 silly config load:file:C:\Users\barre\.npmrc
6 silly config load:file:c:\xampp\htdocs\traffic-\.appdata\npm\etc\npmrc
7 verbose title npm exec create-next-app@latest traffic-system --typescript --tailwind --eslint --app --src-dir --import-alias @/* --use-npm --yes
8 verbose argv "exec" "--yes" "--" "create-next-app@latest" "traffic-system" "--typescript" "--tailwind" "--eslint" "--app" "--src-dir" "--import-alias" "@/*" "--use-npm" "--yes"
9 verbose logfile logs-max:10 dir:c:\xampp\htdocs\traffic-\.localappdata\npm-cache\_logs\2026-05-18T12_36_32_734Z-
10 verbose logfile c:\xampp\htdocs\traffic-\.localappdata\npm-cache\_logs\2026-05-18T12_36_32_734Z-debug-0.log
11 silly logfile done cleaning log files
12 silly packumentCache heap:4496293888 maxSize:1124073472 maxEntrySize:562036736
13 http fetch GET 200 https://registry.npmjs.org/npm 429ms
14 http fetch GET 200 https://registry.npmjs.org/create-next-app 606ms (cache miss)
15 silly packumentCache heap:4496293888 maxSize:1124073472 maxEntrySize:562036736
16 verbose Could not read global path c:\xampp\htdocs\traffic-\.appdata\npm, ignoring
17 silly packumentCache heap:4496293888 maxSize:1124073472 maxEntrySize:562036736
18 silly idealTree buildDeps
19 silly fetch manifest create-next-app@16.2.6
20 silly packumentCache full:https://registry.npmjs.org/create-next-app cache-miss
21 http fetch GET 200 https://registry.npmjs.org/create-next-app 596ms (cache miss)
22 silly packumentCache full:https://registry.npmjs.org/create-next-app set size:undefined disposed:false
23 silly placeDep ROOT create-next-app@16.2.6 OK for:  want: 16.2.6
24 silly reify moves {}
25 silly audit bulk request { 'create-next-app': [ '16.2.6' ] }
26 http cache create-next-app@https://registry.npmjs.org/create-next-app/-/create-next-app-16.2.6.tgz 0ms (cache hit)
27 silly tarball no local data for create-next-app@https://registry.npmjs.org/create-next-app/-/create-next-app-16.2.6.tgz. Extracting by manifest.
28 http fetch POST 200 https://registry.npmjs.org/-/npm/v1/security/advisories/bulk 221ms
29 silly audit report {}
30 http fetch GET 200 https://registry.npmjs.org/create-next-app/-/create-next-app-16.2.6.tgz 2936ms (cache miss)
31 verbose cwd C:\xampp\htdocs\traffic-
32 verbose os Windows_NT 10.0.26200
33 verbose node v25.9.0
34 verbose npm  v11.12.1
35 notice
35 notice New [33mminor[39m version of npm available! [33m11.12.1[39m -> [34m11.14.1[39m
35 notice Changelog: [34mhttps://github.com/npm/cli/releases/tag/v11.14.1[39m
35 notice To update run: [4mnpm install -g npm@11.14.1[24m
35 notice  { force: true, Symbol(proc-log.meta): true }
36 verbose exit 0
37 info ok
